################ Router R1AR0 ################



Router>en
Router#conf t
Enter configuration commands, one per line.  End with CNTL/Z.
Router(config)#int fa0/0
Router(config-if)#ip address 10.2.2.1 255.255.255.0
Router(config-if)#no shut

Router(config-if)#
%LINK-5-CHANGED: Interface FastEthernet0/0, changed state to up

%LINEPROTO-5-UPDOWN: Line protocol on Interface FastEthernet0/0, changed state to up

Router(config-if)#exit
Router(config)#
Router(config)#int s2/0
Router(config-if)#ip address 10.1.1.1 255.255.255.0
Router(config-if)#no shut

%LINK-5-CHANGED: Interface Serial2/0, changed state to down
Router(config-if)#exit
Router(config)#
Router(config)#router ospf 1
Router(config-router)#router-id 1.1.1.1
Router(config-router)#network 10.1.1.0 0.0.0.255 area 0
Router(config-router)#network 10.2.2.0 0.0.0.255 area 0
Router(config-router)#exit
Router(config)#exit
Router#
%SYS-5-CONFIG_I: Configured from console by console

Router#



################ Router R2AR0 #################



Router>en
Router#conf t
Enter configuration commands, one per line.  End with CNTL/Z.
Router(config)#int fa0/0
Router(config-if)#ip address 10.2.2.2 255.255.255.0
Router(config-if)#no shut

Router(config-if)#
%LINK-5-CHANGED: Interface FastEthernet0/0, changed state to up

%LINEPROTO-5-UPDOWN: Line protocol on Interface FastEthernet0/0, changed state to up

Router(config-if)#exit
Router(config)#
Router(config)#int s2/0
Router(config-if)#ip address 10.3.3.1 255.255.255.0
Router(config-if)#no shut

%LINK-5-CHANGED: Interface Serial2/0, changed state to down
Router(config-if)#exit
Router(config)#
Router(config)#int loopback 0

Router(config-if)#
%LINK-5-CHANGED: Interface Loopback0, changed state to up

%LINEPROTO-5-UPDOWN: Line protocol on Interface Loopback0, changed state to up

Router(config-if)#ip address 10.17.0.1 255.255.255.255
Router(config-if)#exit
Router(config)#
Router(config)#int loopback 1

Router(config-if)#
%LINK-5-CHANGED: Interface Loopback1, changed state to up

%LINEPROTO-5-UPDOWN: Line protocol on Interface Loopback1, changed state to up

Router(config-if)#ip address 10.17.1.1 255.255.255.255
Router(config-if)#exit
Router(config)#
Router(config)#int loopback 2

Router(config-if)#
%LINK-5-CHANGED: Interface Loopback2, changed state to up

%LINEPROTO-5-UPDOWN: Line protocol on Interface Loopback2, changed state to up

Router(config-if)#ip address 10.17.2.1 255.255.255.255
Router(config-if)#exit
Router(config)#
Router(config)#int loopback 3

Router(config-if)#
%LINK-5-CHANGED: Interface Loopback3, changed state to up

%LINEPROTO-5-UPDOWN: Line protocol on Interface Loopback3, changed state to up

Router(config-if)#ip address 10.17.3.1 255.255.255.255
Router(config-if)#exit
Router(config)#
Router(config)#router ospf 1
Router(config-router)#router-id 2.2.2.2
Router(config-router)#network 10.2.2.0 0.0.0.255 area 0
Router(config-router)#
00:25:01: %OSPF-5-ADJCHG: Process 1, Nbr 1.1.1.1 on FastEthernet0/0 from LOADING to FULL, Loading Done

Router(config-router)#network 10.17.0.0 0.0.255.255 area 0
Router(config-router)#network?
network  
Router(config-router)#network ?
  A.B.C.D  Network number
Router(config-router)#?
  area                   OSPF area parameters
  auto-cost              Calculate OSPF interface cost according to bandwidth
  default-information    Control distribution of default information
  distance               Define an administrative distance
  exit                   Exit from routing protocol configuration mode
  log-adjacency-changes  Log changes in adjacency state
  neighbor               Specify a neighbor router
  network                Enable routing on an IP network
  no                     Negate a command or set its defaults
  passive-interface      Suppress routing updates on an interface
  redistribute           Redistribute information from another routing protocol
  router-id              router-id for this OSPF process
Router(config-router)#
Router(config-router)#network 10.10.0.0 0.0.255.255
% Incomplete command.
Router(config-router)#network 10.10.0.0 0.0.255.255 area 0
Router(config-router)#exit
Router(config)#
Router(config)#




################ Router ABR ################




Router>en
Router#conf t
Enter configuration commands, one per line.  End with CNTL/Z.
Router(config)#int s2/0
Router(config-if)#ip address 10.1.1.2 255.255.255.0
Router(config-if)#no shut

Router(config-if)#
%LINK-5-CHANGED: Interface Serial2/0, changed state to up

Router(config-if)#exit
Router(config)#
Router(config)#
%LINEPROTO-5-UPDOWN: Line protocol on Interface Serial2/0, changed state to up

Router(config)#int s3/0
Router(config-if)#ip address 192.168.1.1 255.255.255.0
Router(config-if)#no shut

%LINK-5-CHANGED: Interface Serial3/0, changed state to down
Router(config-if)#exit
Router(config)#
Router(config)#router ospf 1
Router(config-router)#router-id 1.1.2.2
Router(config-router)#network 10.0.0.0 0.255.255.255 area 0
Router(config-router)#
00:38:41: %OSPF-5-ADJCHG: Process 1, Nbr 1.1.1.1 on Serial2/0 from LOADING to FULL, Loading Done

Router(config-router)#exit
Router(config)#
Router(config)#
Router(config)#
Router(config)#hostname ABR
ABR(config)#
ABR(config)#router ospf 1
ABR(config-router)#network 192.168.1.0 0.0.0.255 area 1
ABR(config-router)#exit
ABR(config)#



################ Router A1AR1 ################




Router>en
Router#conf t
Enter configuration commands, one per line.  End with CNTL/Z.
Router(config)#int s2/0
Router(config-if)#ip address 192.168.1.2 255.255.255.0
Router(config-if)#no shut

Router(config-if)#
%LINK-5-CHANGED: Interface Serial2/0, changed state to up

Router(config-if)#exit
Router(config)#
Router(config)#int s3/0
%LINEPROTO-5-UPDOWN: Line protocol on Interface Serial2/0, changed state to up

Router(config-if)#ip address 192.168.2.1 255.255.255.0
Router(config-if)#no shut

%LINK-5-CHANGED: Interface Serial3/0, changed state to down
Router(config-if)#exit
Router(config)#
Router(config)#router ospf 1
Router(config-router)#router-id 3.3.3.3
Router(config-router)#network 192.168.0.0 0.0.255.255 area 1
Router(config-router)#exit
Router(config)#
00:49:20: %OSPF-5-ADJCHG: Process 1, Nbr 1.1.2.2 on Serial2/0 from LOADING to FULL, Loading Done

Router(config)#
Router(config)#hostname R1AR1
R1AR1(config)#



################ Router ASBR ################



Router>en
Router#conf t
Enter configuration commands, one per line.  End with CNTL/Z.
Router(config)#int s2/0
Router(config-if)#ip address 192.168.2.2 255.255.255.0
Router(config-if)#no shut

Router(config-if)#
%LINK-5-CHANGED: Interface Serial2/0, changed state to up

Router(config-if)#exit
Router(config)#
%LINEPROTO-5-UPDOWN: Line protocol on Interface Serial2/0, changed state to up

Router(config)#router ospf 1
Router(config-router)#router-id 4.4.4.4
Router(config-router)#network 192.168.2.0 0.0.0.255 area 1
Router(config-router)#exit
Router(config)#
00:53:13: %OSPF-5-ADJCHG: Process 1, Nbr 3.3.3.3 on Serial2/0 from LOADING to FULL, Loading Done

Router(config)#hostname ASBR
ASBR(config)#
ASBR(config)#ip route 1.0.0.0 255.0.0.0 null0
ASBR(config)#



################ Router R2AR0 ################


R2AR0>en
R2AR0#conf t
Enter configuration commands, one per line.  End with CNTL/Z.
R2AR0(config)#router rip
R2AR0(config-router)#version 2
R2AR0(config-router)#network 10.0.0.0
R2AR0(config-router)#exit
R2AR0(config)#router ospf 1
R2AR0(config-router)#redistribute rip subnets
R2AR0(config-router)#exit
R2AR0(config)#
R2AR0(config)#



################ Router RTRRIP ################



Router>en
Router#conf t
Enter configuration commands, one per line.  End with CNTL/Z.
Router(config)#int s2/0
Router(config-if)#ip address 10.3.3.2 255.255.255.0
Router(config-if)#no shut

Router(config-if)#
%LINK-5-CHANGED: Interface Serial2/0, changed state to up

Router(config-if)#exit
Router(config)#
%LINEPROTO-5-UPDOWN: Line protocol on Interface Serial2/0, changed state to up

Router(config)#
Router(config)#hostname RTRRIP
RTRRIP(config)#
RTRRIP(config)#router rip
RTRRIP(config-router)#version 2
RTRRIP(config-router)#no auto-sum
RTRRIP(config-router)#network 10.0.0.0
RTRRIP(config-router)#network 172.20.0.0
RTRRIP(config-router)#exit
RTRRIP(config)#int loopback 0

RTRRIP(config-if)#
%LINK-5-CHANGED: Interface Loopback0, changed state to up

%LINEPROTO-5-UPDOWN: Line protocol on Interface Loopback0, changed state to up

RTRRIP(config-if)#ip address 172.20.0.1 255.255.255.0
RTRRIP(config-if)#exit
RTRRIP(config)#int loopback 1

RTRRIP(config-if)#
%LINK-5-CHANGED: Interface Loopback1, changed state to up

%LINEPROTO-5-UPDOWN: Line protocol on Interface Loopback1, changed state to up

RTRRIP(config-if)#ip address 172.20.1.1 255.255.255.0
RTRRIP(config-if)#exit
RTRRIP(config)#
RTRRIP(config)#int loopback 2

RTRRIP(config-if)#
%LINK-5-CHANGED: Interface Loopback2, changed state to up

%LINEPROTO-5-UPDOWN: Line protocol on Interface Loopback2, changed state to up

RTRRIP(config-if)#ip address 171.20.2.1 255.255.255.0
RTRRIP(config-if)#exit
RTRRIP(config)#
RTRRIP(config)#