################ Router A1AR0 ################



Router(config)#hostname R1AR0
R1AR0(config)#
R1AR0(config)#
R1AR0(config)#exit
R1AR0#
%SYS-5-CONFIG_I: Configured from console by console

R1AR0#show ip ospf database router

            OSPF Router with ID (1.1.1.1) (Process ID 1)

                Router Link States (Area 0)

  LS age: 1008
  Options: (No TOS-capability, DC)
  LS Type: Router Links
  Link State ID: 2.2.2.2
  Advertising Router: 2.2.2.2
  LS Seq Number: 80000006
  Checksum: 0x87de
  Length: 84
  Number of Links: 5

    Link connected to: a Transit Network
     (Link ID) Designated Router address: 10.2.2.1
     (Link Data) Router Interface address: 10.2.2.2
      Number of TOS metrics: 0
       TOS 0 Metrics: 1

    Link connected to: a Stub Network
     (Link ID) Network/subnet number: 10.17.0.1
     (Link Data) Network Mask: 255.255.255.255
      Number of TOS metrics: 0
       TOS 0 Metrics: 1

    Link connected to: a Stub Network
     (Link ID) Network/subnet number: 10.17.1.1
     (Link Data) Network Mask: 255.255.255.255
      Number of TOS metrics: 0
       TOS 0 Metrics: 1

    Link connected to: a Stub Network
     (Link ID) Network/subnet number: 10.17.2.1
     (Link Data) Network Mask: 255.255.255.255
      Number of TOS metrics: 0
       TOS 0 Metrics: 1

    Link connected to: a Stub Network
     (Link ID) Network/subnet number: 10.17.3.1
     (Link Data) Network Mask: 255.255.255.255
      Number of TOS metrics: 0
       TOS 0 Metrics: 1

  LS age: 233
  Options: (No TOS-capability, DC)
  LS Type: Router Links
  Link State ID: 1.1.1.1
  Advertising Router: 1.1.1.1
  LS Seq Number: 80000004
  Checksum: 0xc1ac
  Length: 60
  Number of Links: 3

    Link connected to: a Transit Network
     (Link ID) Designated Router address: 10.2.2.1
     (Link Data) Router Interface address: 10.2.2.1
      Number of TOS metrics: 0
       TOS 0 Metrics: 1

    Link connected to: another Router (point-to-point)
     (Link ID) Neighboring Router ID: 1.1.2.2
     (Link Data) Router Interface address: 10.1.1.1
      Number of TOS metrics: 0
       TOS 0 Metrics: 64

    Link connected to: a Stub Network
     (Link ID) Network/subnet number: 10.1.1.0
     (Link Data) Network Mask: 255.255.255.0
      Number of TOS metrics: 0
       TOS 0 Metrics: 64

  LS age: 233
  Options: (No TOS-capability, DC)
  LS Type: Router Links
  Link State ID: 1.1.2.2
  Advertising Router: 1.1.2.2
  LS Seq Number: 80000002
  Checksum: 0x8318
  Length: 48
  Number of Links: 2

    Link connected to: another Router (point-to-point)
     (Link ID) Neighboring Router ID: 1.1.1.1
     (Link Data) Router Interface address: 10.1.1.2
      Number of TOS metrics: 0
       TOS 0 Metrics: 64

    Link connected to: a Stub Network
     (Link ID) Network/subnet number: 10.1.1.0
     (Link Data) Network Mask: 255.255.255.0
      Number of TOS metrics: 0
       TOS 0 Metrics: 64
R1AR0#show ip database network
               ^
% Invalid input detected at '^' marker.
	
R1AR0#show ip ospf database network

            OSPF Router with ID (1.1.1.1) (Process ID 1)

                Net Link States (Area 0)

  Routing Bit Set on this LSA
  LS age: 1081
  Options: (No TOS-capability, DC)
  LS Type: Network Links
  Link State ID: 10.2.2.1  (address of Designated Router)
  Advertising Router: 1.1.1.1
  LS Seq Number: 80000001
  Checksum: 0xd303
  Length: 32
  Network Mask: /24
        Attached Router: 2.2.2.2
        Attached Router: 1.1.1.1
R1AR0#


R1AR0>en
R1AR0#show ip route
Codes: C - connected, S - static, I - IGRP, R - RIP, M - mobile, B - BGP
       D - EIGRP, EX - EIGRP external, O - OSPF, IA - OSPF inter area
       N1 - OSPF NSSA external type 1, N2 - OSPF NSSA external type 2
       E1 - OSPF external type 1, E2 - OSPF external type 2, E - EGP
       i - IS-IS, L1 - IS-IS level-1, L2 - IS-IS level-2, ia - IS-IS inter area
       * - candidate default, U - per-user static route, o - ODR
       P - periodic downloaded static route

Gateway of last resort is not set

     10.0.0.0/8 is variably subnetted, 6 subnets, 2 masks
C       10.1.1.0/24 is directly connected, Serial2/0
C       10.2.2.0/24 is directly connected, FastEthernet0/0
O       10.17.0.1/32 [110/2] via 10.2.2.2, 00:30:28, FastEthernet0/0
O       10.17.1.1/32 [110/2] via 10.2.2.2, 00:30:18, FastEthernet0/0
O       10.17.2.1/32 [110/2] via 10.2.2.2, 00:30:18, FastEthernet0/0
O       10.17.3.1/32 [110/2] via 10.2.2.2, 00:30:18, FastEthernet0/0
O IA 192.168.1.0/24 [110/128] via 10.1.1.2, 00:08:19, Serial2/0
O IA 192.168.2.0/24 [110/192] via 10.1.1.2, 00:03:53, Serial2/0

R1AR0#







R1AR0>show ip route
Codes: C - connected, S - static, I - IGRP, R - RIP, M - mobile, B - BGP
       D - EIGRP, EX - EIGRP external, O - OSPF, IA - OSPF inter area
       N1 - OSPF NSSA external type 1, N2 - OSPF NSSA external type 2
       E1 - OSPF external type 1, E2 - OSPF external type 2, E - EGP
       i - IS-IS, L1 - IS-IS level-1, L2 - IS-IS level-2, ia - IS-IS inter area
       * - candidate default, U - per-user static route, o - ODR
       P - periodic downloaded static route

Gateway of last resort is not set

     10.0.0.0/8 is variably subnetted, 7 subnets, 2 masks
C       10.1.1.0/24 is directly connected, Serial2/0
C       10.2.2.0/24 is directly connected, FastEthernet0/0
O E2    10.3.3.0/24 [110/20] via 10.2.2.2, 00:05:22, FastEthernet0/0
O       10.17.0.1/32 [110/2] via 10.2.2.2, 00:42:48, FastEthernet0/0
O       10.17.1.1/32 [110/2] via 10.2.2.2, 00:42:38, FastEthernet0/0
O       10.17.2.1/32 [110/2] via 10.2.2.2, 00:42:38, FastEthernet0/0
O       10.17.3.1/32 [110/2] via 10.2.2.2, 00:42:38, FastEthernet0/0
     172.20.0.0/24 is subnetted, 2 subnets
O E2    172.20.0.0 [110/20] via 10.2.2.2, 00:03:10, FastEthernet0/0
O E2    172.20.1.0 [110/20] via 10.2.2.2, 00:02:15, FastEthernet0/0
O IA 192.168.1.0/24 [110/128] via 10.1.1.2, 00:20:39, Serial2/0
O IA 192.168.2.0/24 [110/192] via 10.1.1.2, 00:16:13, Serial2/0


R1AR0>en
R1AR0#show ip database external
               ^
% Invalid input detected at '^' marker.
	
R1AR0#show ip ospf database external

            OSPF Router with ID (1.1.1.1) (Process ID 1)

                Type-5 AS External Link States

  Routing Bit Set on this LSA
  LS age: 866
  Options: (No TOS-capability, DC)
  LS Type: AS External Link
  Link State ID: 10.3.3.0 (External Network Number )
  Advertising Router: 2.2.2.2
  LS Seq Number: 80000001
  Checksum: 0xc5e2
  Length: 36
  Network Mask: /24
        Metric Type: 2 (Larger than any link state path)
        TOS: 0
        Metric: 20
        Forward Address: 0.0.0.0
        External Route Tag: 0

  Routing Bit Set on this LSA
  LS age: 735
  Options: (No TOS-capability, DC)
  LS Type: AS External Link
  Link State ID: 172.20.0.0 (External Network Number )
  Advertising Router: 2.2.2.2
  LS Seq Number: 80000001
  Checksum: 0xd81f
  Length: 36
  Network Mask: /24
        Metric Type: 2 (Larger than any link state path)
        TOS: 0
        Metric: 20
        Forward Address: 0.0.0.0
        External Route Tag: 0

  Routing Bit Set on this LSA
  LS age: 680
  Options: (No TOS-capability, DC)
  LS Type: AS External Link
  Link State ID: 172.20.1.0 (External Network Number )
  Advertising Router: 2.2.2.2
  LS Seq Number: 80000001
  Checksum: 0xcd29
  Length: 36
  Network Mask: /24
        Metric Type: 2 (Larger than any link state path)
        TOS: 0
        Metric: 20
        Forward Address: 0.0.0.0
        External Route Tag: 0
R1AR0#



################ Router ASBR ################



ASBR>en
ASBR#conf t
Enter configuration commands, one per line.  End with CNTL/Z.
ASBR(config)#router ospf 1
ASBR(config-router)#area 1 ?
  authentication  Enable authentication
  default-cost    Set the summary default-cost of a NSSA/stub area
  nssa            Specify a NSSA area
  range           Summarize routes matching address/mask (border routers only)
  stub            Specify a stub area
  virtual-link    Define a virtual link and its parameters
ASBR(config-router)#area 1 stub
ASBR(config-router)#
01:12:41: %OSPF-5-ADJCHG: Process 1, Nbr 3.3.3.3 on Serial2/0 from FULL to DOWN, Neighbor Down: Adjacency forced to reset

01:12:41: %OSPF-5-ADJCHG: Process 1, Nbr 3.3.3.3 on Serial2/0 from FULL to DOWN, Neighbor Down: Interface down or detached

ASBR(config-router)#do
ASBR(config-router)#do sh
ASBR(config-router)#do sh i
ASBR(config-router)#do sh ip
ASBR(config-router)#do sh ip ro
Codes: C - connected, S - static, I - IGRP, R - RIP, M - mobile, B - BGP
       D - EIGRP, EX - EIGRP external, O - OSPF, IA - OSPF inter area
       N1 - OSPF NSSA external type 1, N2 - OSPF NSSA external type 2
       E1 - OSPF external type 1, E2 - OSPF external type 2, E - EGP
       i - IS-IS, L1 - IS-IS level-1, L2 - IS-IS level-2, ia - IS-IS inter area
       * - candidate default, U - per-user static route, o - ODR
       P - periodic downloaded static route

Gateway of last resort is not set

S    1.0.0.0/8 is directly connected, Null0
C    192.168.2.0/24 is directly connected, Serial2/0

ASBR(config-router)#



################ Router R1A1 ################



R1AR1(config)#router ospf 1
R1AR1(config-router)#area 1 stub
R1AR1(config-router)#
00:02:04: %OSPF-5-ADJCHG: Process 1, Nbr 1.1.2.2 on Serial2/0 from FULL to DOWN, Neighbor Down: Adjacency forced to reset

00:02:04: %OSPF-5-ADJCHG: Process 1, Nbr 1.1.2.2 on Serial2/0 from FULL to DOWN, Neighbor Down: Interface down or detached

R1AR1(config-router)#
00:02:10: %OSPF-5-ADJCHG: Process 1, Nbr 4.4.4.4 on Serial3/0 from LOADING to FULL, Loading Done



################ Router ABR ################



ABR(config)#router ospf 1
ABR(config-router)#area 1 stuf
                             ^
% Invalid input detected at '^' marker.
	
ABR(config-router)#area 1 stub
ABR(config-router)#
ABR(config-router)#
00:04:06: %OSPF-5-ADJCHG: Process 1, Nbr 3.3.3.3 on Serial3/0 from LOADING to FULL, Loading Done

ABR(config-router)#